object CheckCommand "___TEST___command" {
    command = [ PluginDir + "/network\\share\\bla.exe" ]
}

