object CheckCommand "___TEST___command" {
    command = [ "\\\\network\\share\\bla.exe" ]
}

