object CheckCommand "___TEST___command" {
    command = [ "/tmp/bla" ]
}

