object CheckCommand "___TEST___command" {
    command = [ "C:\\test.exe" ]
}

