object CheckCommand "___TEST___command" {
    command = [ PluginDir + "/tmp/bla" ]
}

