object CheckCommand "___TEST___command" {
    command = [ BlahDir + "\\network\\share\\bla.exe" ]
}

